
Memory Configuration

Name             Origin             Length             Attributes
CCMRAM           0x10000000         0x00010000         xrw
RAM              0x20000000         0x00020000         xrw
FLASH            0x08000000         0x00100000         xr
*default*        0x00000000         0xffffffff

Linker script and memory map

LOAD app.o
LOAD my_startup_code.o
                0x20020000                _estack = (ORIGIN (RAM) + LENGTH (RAM))
                0x00000200                _Min_Heap_Size = 0x200
                0x00000400                _Min_Stack_Size = 0x400

.isr_vector     0x08000000      0x188
                0x08000000                . = ALIGN (0x4)
 *(.isr_vector)
 .isr_vector    0x08000000      0x188 my_startup_code.o
                0x08000000                Vector_table
                0x08000188                . = ALIGN (0x4)

.text           0x08000188       0xf0
                0x08000188                . = ALIGN (0x4)
 *(.text)
 .text          0x08000188       0x3c app.o
                0x08000188                main
 .text          0x080001c4       0xb4 my_startup_code.o
                0x080001d0                Reset_Handler
                0x0800026c                HASH_RNG_IRQHandler
                0x0800026c                EXTI2_IRQHandler
                0x0800026c                TIM8_CC_IRQHandler
                0x0800026c                DebugMon_Handler
                0x0800026c                TIM1_CC_IRQHandler
                0x0800026c                DMA2_Stream5_IRQHandler
                0x0800026c                HardFault_Handler
                0x0800026c                DMA1_Stream5_IRQHandler
                0x0800026c                SysTick_Handler
                0x0800026c                PVD_IRQHandler
                0x0800026c                SDIO_IRQHandler
                0x0800026c                TAMP_STAMP_IRQHandler
                0x0800026c                PendSV_Handler
                0x0800026c                NMI_Handler
                0x0800026c                CAN2_RX1_IRQHandler
                0x0800026c                EXTI3_IRQHandler
                0x0800026c                TIM8_TRG_COM_TIM14_IRQHandler
                0x0800026c                TIM1_UP_TIM10_IRQHandler
                0x0800026c                TIM8_UP_TIM13_IRQHandler
                0x0800026c                I2C3_ER_IRQHandler
                0x0800026c                EXTI0_IRQHandler
                0x0800026c                I2C2_EV_IRQHandler
                0x0800026c                DMA1_Stream2_IRQHandler
                0x0800026c                CAN1_RX0_IRQHandler
                0x0800026c                FPU_IRQHandler
                0x0800026c                OTG_HS_WKUP_IRQHandler
                0x0800026c                UsageFault_Handler
                0x0800026c                CAN2_SCE_IRQHandler
                0x0800026c                DMA2_Stream2_IRQHandler
                0x0800026c                SPI1_IRQHandler
                0x0800026c                TIM6_DAC_IRQHandler
                0x0800026c                TIM1_BRK_TIM9_IRQHandler
                0x0800026c                DCMI_IRQHandler
                0x0800026c                CAN2_RX0_IRQHandler
                0x0800026c                DMA2_Stream3_IRQHandler
                0x0800026c                USART6_IRQHandler
                0x0800026c                USART3_IRQHandler
                0x0800026c                RTC_Alarm_IRQHandler
                0x0800026c                CAN1_RX1_IRQHandler
                0x0800026c                UART5_IRQHandler
                0x0800026c                DMA2_Stream0_IRQHandler
                0x0800026c                TIM4_IRQHandler
                0x0800026c                I2C1_EV_IRQHandler
                0x0800026c                DMA1_Stream6_IRQHandler
                0x0800026c                DMA1_Stream1_IRQHandler
                0x0800026c                UART4_IRQHandler
                0x0800026c                TIM3_IRQHandler
                0x0800026c                RCC_IRQHandler
                0x0800026c                TIM8_BRK_TIM12_IRQHandler
                0x0800026c                Default_Handler
                0x0800026c                EXTI15_10_IRQHandler
                0x0800026c                ADC_IRQHandler
                0x0800026c                DMA1_Stream7_IRQHandler
                0x0800026c                TIM7_IRQHandler
                0x0800026c                CAN2_TX_IRQHandler
                0x0800026c                TIM5_IRQHandler
                0x0800026c                DMA2_Stream7_IRQHandler
                0x0800026c                I2C3_EV_IRQHandler
                0x0800026c                EXTI9_5_IRQHandler
                0x0800026c                RTC_WKUP_IRQHandler
                0x0800026c                ETH_WKUP_IRQHandler
                0x0800026c                SPI2_IRQHandler
                0x0800026c                OTG_HS_EP1_IN_IRQHandler
                0x0800026c                MemManage_Handler
                0x0800026c                DMA1_Stream0_IRQHandler
                0x0800026c                CAN1_TX_IRQHandler
                0x0800026c                SVC_Handler
                0x0800026c                EXTI4_IRQHandler
                0x0800026c                FSMC_IRQHandler
                0x0800026c                ETH_IRQHandler
                0x0800026c                OTG_HS_EP1_OUT_IRQHandler
                0x0800026c                WWDG_IRQHandler
                0x0800026c                TIM2_IRQHandler
                0x0800026c                OTG_FS_WKUP_IRQHandler
                0x0800026c                TIM1_TRG_COM_TIM11_IRQHandler
                0x0800026c                OTG_HS_IRQHandler
                0x0800026c                EXTI1_IRQHandler
                0x0800026c                USART2_IRQHandler
                0x0800026c                I2C2_ER_IRQHandler
                0x0800026c                DMA2_Stream1_IRQHandler
                0x0800026c                CAN1_SCE_IRQHandler
                0x0800026c                FLASH_IRQHandler
                0x0800026c                DMA2_Stream4_IRQHandler
                0x0800026c                BusFault_Handler
                0x0800026c                USART1_IRQHandler
                0x0800026c                OTG_FS_IRQHandler
                0x0800026c                SPI3_IRQHandler
                0x0800026c                DMA1_Stream4_IRQHandler
                0x0800026c                I2C1_ER_IRQHandler
                0x0800026c                DMA2_Stream6_IRQHandler
                0x0800026c                DMA1_Stream3_IRQHandler
 *(.text*)
                0x08000278                . = ALIGN (0x4)
                0x08000278                _e_text = .

.glue_7         0x08000278        0x0
 .glue_7        0x08000278        0x0 linker stubs

.glue_7t        0x08000278        0x0
 .glue_7t       0x08000278        0x0 linker stubs

.vfp11_veneer   0x08000278        0x0
 .vfp11_veneer  0x08000278        0x0 linker stubs

.v4_bx          0x08000278        0x0
 .v4_bx         0x08000278        0x0 linker stubs

.iplt           0x08000278        0x0
 .iplt          0x08000278        0x0 app.o

.rodata         0x08000278        0x8
                0x08000278                . = ALIGN (0x4)
 *(.rodata)
 .rodata        0x08000278        0x4 app.o
                0x08000278                num3
 .rodata        0x0800027c        0x4 my_startup_code.o
                0x0800027c                MSP_Value
 *(.rodata*)
                0x08000280                . = ALIGN (0x4)
                0x08000280                _sidata = LOADADDR (.data)

.rel.dyn        0x08000280        0x0
 .rel.iplt      0x08000280        0x0 app.o

.data           0x20000000        0x8 load address 0x08000280
                0x20000000                _sdata = .
                0x20000000                . = ALIGN (0x4)
 *(.data)
 .data          0x20000000        0x8 app.o
                0x20000000                num1
 .data          0x20000008        0x0 my_startup_code.o
 *(.data*)
                0x20000008                . = ALIGN (0x4)
                0x20000008                _edata = .

.igot.plt       0x20000008        0x0 load address 0x08000288
 .igot.plt      0x20000008        0x0 app.o

.bss            0x20000008        0x8 load address 0x08000288
                0x20000008                _sbss = .
                0x20000008                . = ALIGN (0x4)
 *(.bss)
 .bss           0x20000008        0x8 app.o
                0x20000008                num4
                0x2000000c                num5
 .bss           0x20000010        0x0 my_startup_code.o
 *(.bss*)
                0x20000010                . = ALIGN (0x4)
                0x20000010                _ebss = .

.User_heap_stack
                0x20000010      0x600 load address 0x08000288
                0x20000010                . = ALIGN (0x8)
                0x20000210                . = (. + _Min_Heap_Size)
 *fill*         0x20000010      0x200 
                0x20000610                . = (. + _Min_Stack_Size)
 *fill*         0x20000210      0x400 
                0x20000610                . = ALIGN (0x8)
OUTPUT(app.elf elf32-littlearm)
LOAD linker stubs

.comment        0x00000000       0x49
 .comment       0x00000000       0x49 app.o
                                 0x4a (size before relaxing)
 .comment       0x00000049       0x4a my_startup_code.o

.ARM.attributes
                0x00000000       0x2e
 .ARM.attributes
                0x00000000       0x2e app.o
 .ARM.attributes
                0x0000002e       0x2e my_startup_code.o
